---
http_interactions:
- request:
    method: get
    uri: http://alphanet-node.tzscan.io//chains/main/blocks/head/hash
    body:
      encoding: US-ASCII
      string: ''
    headers:
      Accept-Encoding:
      - gzip;q=1.0,deflate;q=0.6,identity;q=0.3
      Accept:
      - "*/*"
      User-Agent:
      - Ruby
  response:
    status:
      code: 200
      message: OK
    headers:
      Server:
      - nginx/1.10.3
      Date:
      - Mon, 10 Sep 2018 10:43:52 GMT
      Content-Type:
      - application/json
      Content-Length:
      - '54'
      Connection:
      - keep-alive
    body:
      encoding: UTF-8
      string: '"BMTKJKJJvU6emUcqoWSFsq5nKZNacRMzFLjPjpHe5mUfErY1ZUa"

'
    http_version: 
  recorded_at: Mon, 10 Sep 2018 10:43:52 GMT
- request:
    method: get
    uri: http://alphanet-node.tzscan.io//chains/main/blocks/head/context/contracts/tz1ZWiiPXowuhN1UqNGVTrgNyf5tdxp4XUUq/counter
    body:
      encoding: US-ASCII
      string: ''
    headers:
      Accept-Encoding:
      - gzip;q=1.0,deflate;q=0.6,identity;q=0.3
      Accept:
      - "*/*"
      User-Agent:
      - Ruby
  response:
    status:
      code: 200
      message: OK
    headers:
      Server:
      - nginx/1.10.3
      Date:
      - Mon, 10 Sep 2018 10:43:52 GMT
      Content-Type:
      - application/json
      Content-Length:
      - '6'
      Connection:
      - keep-alive
    body:
      encoding: UTF-8
      string: '"263"

'
    http_version: 
  recorded_at: Mon, 10 Sep 2018 10:43:52 GMT
- request:
    method: post
    uri: http://alphanet-node.tzscan.io/chains/main/blocks/head/helpers/scripts/run_operation
    body:
      encoding: UTF-8
      string: '{"branch":"BMTKJKJJvU6emUcqoWSFsq5nKZNacRMzFLjPjpHe5mUfErY1ZUa","contents":[{"kind":"transaction","amount":"1000000","source":"tz1ZWiiPXowuhN1UqNGVTrgNyf5tdxp4XUUq","destination":"tz1ZWiiPXowuhN1UqNGVTrgNyf5tdxp4XUUq","gas_limit":"40000","storage_limit":"6000","counter":"264","fee":"50000"}],"signature":"edsigu165B7VFf3Dpw2QABVzEtCxJY2gsNBNcE3Ti7rRxtDUjqTFRpg67EdAQmY6YWPE5tKJDMnSTJDFu65gic8uLjbW2YwGvAZ"}'
    headers:
      Content-Type:
      - application/json
  response:
    status:
      code: 200
      message: OK
    headers:
      Server:
      - nginx/1.10.3
      Date:
      - Mon, 10 Sep 2018 10:43:52 GMT
      Content-Type:
      - application/json
      Content-Length:
      - '841'
      Connection:
      - keep-alive
    body:
      encoding: UTF-8
      string: '{"contents":[{"kind":"transaction","source":"tz1ZWiiPXowuhN1UqNGVTrgNyf5tdxp4XUUq","fee":"50000","counter":"264","gas_limit":"40000","storage_limit":"6000","amount":"1000000","destination":"tz1ZWiiPXowuhN1UqNGVTrgNyf5tdxp4XUUq","metadata":{"balance_updates":[{"kind":"contract","contract":"tz1ZWiiPXowuhN1UqNGVTrgNyf5tdxp4XUUq","change":"-50000"},{"kind":"freezer","category":"fees","delegate":"tz1Ke2h7sDdakHJQh8WX4Z372du1KChsksyU","level":47,"change":"50000"}],"operation_result":{"status":"applied","balance_updates":[{"kind":"contract","contract":"tz1ZWiiPXowuhN1UqNGVTrgNyf5tdxp4XUUq","change":"-1000000"},{"kind":"contract","contract":"tz1ZWiiPXowuhN1UqNGVTrgNyf5tdxp4XUUq","change":"1000000"}],"consumed_gas":"100"}}}],"signature":"edsigu165B7VFf3Dpw2QABVzEtCxJY2gsNBNcE3Ti7rRxtDUjqTFRpg67EdAQmY6YWPE5tKJDMnSTJDFu65gic8uLjbW2YwGvAZ"}

'
    http_version: 
  recorded_at: Mon, 10 Sep 2018 10:43:52 GMT
- request:
    method: post
    uri: http://alphanet-node.tzscan.io/chains/main/blocks/head/helpers/forge/operations
    body:
      encoding: UTF-8
      string: '{"branch":"BMTKJKJJvU6emUcqoWSFsq5nKZNacRMzFLjPjpHe5mUfErY1ZUa","contents":[{"kind":"transaction","amount":"1000000","source":"tz1ZWiiPXowuhN1UqNGVTrgNyf5tdxp4XUUq","destination":"tz1ZWiiPXowuhN1UqNGVTrgNyf5tdxp4XUUq","gas_limit":"10100","storage_limit":"0","counter":"264","fee":"50000"}]}'
    headers:
      Content-Type:
      - application/json
  response:
    status:
      code: 200
      message: OK
    headers:
      Server:
      - nginx/1.10.3
      Date:
      - Mon, 10 Sep 2018 10:43:52 GMT
      Content-Type:
      - application/json
      Content-Length:
      - '181'
      Connection:
      - keep-alive
    body:
      encoding: UTF-8
      string: '"e568e451c07338c8038fecd322538e68d603367c81e840e39387a5cdc0bbdb9e080000982fd7853b46e70022bc56f12b427855a2adb67ed086038802f44e00c0843d0000982fd7853b46e70022bc56f12b427855a2adb67e00"

'
    http_version: 
  recorded_at: Mon, 10 Sep 2018 10:43:52 GMT
- request:
    method: get
    uri: http://alphanet-node.tzscan.io//protocols
    body:
      encoding: US-ASCII
      string: ''
    headers:
      Accept-Encoding:
      - gzip;q=1.0,deflate;q=0.6,identity;q=0.3
      Accept:
      - "*/*"
      User-Agent:
      - Ruby
  response:
    status:
      code: 200
      message: OK
    headers:
      Server:
      - nginx/1.10.3
      Date:
      - Mon, 10 Sep 2018 10:43:52 GMT
      Content-Type:
      - application/json
      Content-Length:
      - '110'
      Connection:
      - keep-alive
    body:
      encoding: UTF-8
      string: '["PsYLVpVvgbLhAhoqAkMFUo6gudkJ9weNXhUYCiLDzcUpFpkk8Wt","Ps6mwMrF2ER2s51cp9yYpjDcuzQjsc2yAz8bQsRgdaRxw4Fk95H"]

'
    http_version: 
  recorded_at: Mon, 10 Sep 2018 10:43:52 GMT
- request:
    method: post
    uri: http://alphanet-node.tzscan.io/chains/main/blocks/head/helpers/preapply/operations
    body:
      encoding: UTF-8
      string: '[{"protocol":"PsYLVpVvgbLhAhoqAkMFUo6gudkJ9weNXhUYCiLDzcUpFpkk8Wt","branch":"BMTKJKJJvU6emUcqoWSFsq5nKZNacRMzFLjPjpHe5mUfErY1ZUa","contents":[{"kind":"transaction","amount":"1000000","source":"tz1ZWiiPXowuhN1UqNGVTrgNyf5tdxp4XUUq","destination":"tz1ZWiiPXowuhN1UqNGVTrgNyf5tdxp4XUUq","gas_limit":"10100","storage_limit":"0","counter":"264","fee":"50000"}],"signature":"edsigtexuB1fEqPawJAAJ561DYahWiEpW5JxTdFr52E2bPhFoSM54PZYHKNELNhd7kpPqFxusrJLi277o4yh6UhKnhxt61byt6W"}]'
    headers:
      Content-Type:
      - application/json
  response:
    status:
      code: 200
      message: OK
    headers:
      Server:
      - nginx/1.10.3
      Date:
      - Mon, 10 Sep 2018 10:43:52 GMT
      Content-Type:
      - application/json
      Content-Length:
      - '840'
      Connection:
      - keep-alive
    body:
      encoding: UTF-8
      string: '[{"contents":[{"kind":"transaction","source":"tz1ZWiiPXowuhN1UqNGVTrgNyf5tdxp4XUUq","fee":"50000","counter":"264","gas_limit":"10100","storage_limit":"0","amount":"1000000","destination":"tz1ZWiiPXowuhN1UqNGVTrgNyf5tdxp4XUUq","metadata":{"balance_updates":[{"kind":"contract","contract":"tz1ZWiiPXowuhN1UqNGVTrgNyf5tdxp4XUUq","change":"-50000"},{"kind":"freezer","category":"fees","delegate":"tz1Ke2h7sDdakHJQh8WX4Z372du1KChsksyU","level":47,"change":"50000"}],"operation_result":{"status":"applied","balance_updates":[{"kind":"contract","contract":"tz1ZWiiPXowuhN1UqNGVTrgNyf5tdxp4XUUq","change":"-1000000"},{"kind":"contract","contract":"tz1ZWiiPXowuhN1UqNGVTrgNyf5tdxp4XUUq","change":"1000000"}],"consumed_gas":"100"}}}],"signature":"edsigtexuB1fEqPawJAAJ561DYahWiEpW5JxTdFr52E2bPhFoSM54PZYHKNELNhd7kpPqFxusrJLi277o4yh6UhKnhxt61byt6W"}]

'
    http_version: 
  recorded_at: Mon, 10 Sep 2018 10:43:52 GMT
- request:
    method: post
    uri: http://alphanet-node.tzscan.io/injection/operation?chain=main
    body:
      encoding: UTF-8
      string: '"e568e451c07338c8038fecd322538e68d603367c81e840e39387a5cdc0bbdb9e080000982fd7853b46e70022bc56f12b427855a2adb67ed086038802f44e00c0843d0000982fd7853b46e70022bc56f12b427855a2adb67e0036b59c1d8dc15049130eff23652d9d76f33a159e255a854fb06f88f0f83fd2390a967c879b55c94b32a2fc92313e3b3894841fd8b4330ba9c787bc352ef3460e"'
    headers:
      Content-Type:
      - application/json
  response:
    status:
      code: 200
      message: OK
    headers:
      Server:
      - nginx/1.10.3
      Date:
      - Mon, 10 Sep 2018 10:43:52 GMT
      Content-Type:
      - application/json
      Content-Length:
      - '54'
      Connection:
      - keep-alive
    body:
      encoding: UTF-8
      string: '"oneZ2aTjcjHxwgPWJ6ofcrh3sQwUqUxSrNbdHYAUfN8ERG8o391"

'
    http_version: 
  recorded_at: Mon, 10 Sep 2018 10:43:52 GMT
recorded_with: VCR 4.0.0
