---
http_interactions:
- request:
    method: get
    uri: http://tezos_node:8094//chains/main/blocks/head/context/contracts/tz1ZWiiPXowuhN1UqNGVTrgNyf5tdxp4XUUq/counter
    body:
      encoding: US-ASCII
      string: ''
    headers:
      Content-Type:
      - application/json
  response:
    status:
      code: 200
      message: OK
    headers:
      Content-Length:
      - '5'
      Content-Type:
      - application/json
    body:
      encoding: UTF-8
      string: '"15"

'
    http_version: 
  recorded_at: Tue, 04 Feb 2020 10:44:05 GMT
- request:
    method: get
    uri: http://tezos_node:8094//chains/main/blocks/head/hash
    body:
      encoding: US-ASCII
      string: ''
    headers:
      Content-Type:
      - application/json
  response:
    status:
      code: 200
      message: OK
    headers:
      Content-Length:
      - '54'
      Content-Type:
      - application/json
    body:
      encoding: UTF-8
      string: '"BLT2DhGQ7zSq755qUR3LZq9N1DcyaPJfx1yX6cKSnebvub9deq9"

'
    http_version: 
  recorded_at: Tue, 04 Feb 2020 10:44:05 GMT
- request:
    method: get
    uri: http://tezos_node:8094//chains/main/chain_id
    body:
      encoding: US-ASCII
      string: ''
    headers:
      Content-Type:
      - application/json
  response:
    status:
      code: 200
      message: OK
    headers:
      Content-Length:
      - '18'
      Content-Type:
      - application/json
    body:
      encoding: UTF-8
      string: '"NetXUdfLh6Gm88t"

'
    http_version: 
  recorded_at: Tue, 04 Feb 2020 10:44:05 GMT
- request:
    method: post
    uri: http://tezos_node:8094/chains/main/blocks/head/helpers/scripts/run_operation
    body:
      encoding: UTF-8
      string: '{"operation":{"branch":"BLT2DhGQ7zSq755qUR3LZq9N1DcyaPJfx1yX6cKSnebvub9deq9","contents":[{"kind":"transaction","amount":"100000","source":"tz1ZWiiPXowuhN1UqNGVTrgNyf5tdxp4XUUq","destination":"tz1ZWiiPXowuhN1UqNGVTrgNyf5tdxp4XUUq","gas_limit":"100000","storage_limit":"6000","counter":"16","fee":"50000"}],"signature":"edsigu165B7VFf3Dpw2QABVzEtCxJY2gsNBNcE3Ti7rRxtDUjqTFRpg67EdAQmY6YWPE5tKJDMnSTJDFu65gic8uLjbW2YwGvAZ"},"chain_id":"NetXUdfLh6Gm88t"}'
    headers:
      Content-Type:
      - application/json
  response:
    status:
      code: 200
      message: OK
    headers:
      Content-Length:
      - '840'
      Content-Type:
      - application/json
    body:
      encoding: UTF-8
      string: '{"contents":[{"kind":"transaction","source":"tz1ZWiiPXowuhN1UqNGVTrgNyf5tdxp4XUUq","fee":"50000","counter":"16","gas_limit":"100000","storage_limit":"6000","amount":"100000","destination":"tz1ZWiiPXowuhN1UqNGVTrgNyf5tdxp4XUUq","metadata":{"balance_updates":[{"kind":"contract","contract":"tz1ZWiiPXowuhN1UqNGVTrgNyf5tdxp4XUUq","change":"-50000"},{"kind":"freezer","category":"fees","delegate":"tz1Ke2h7sDdakHJQh8WX4Z372du1KChsksyU","cycle":32,"change":"50000"}],"operation_result":{"status":"applied","balance_updates":[{"kind":"contract","contract":"tz1ZWiiPXowuhN1UqNGVTrgNyf5tdxp4XUUq","change":"-100000"},{"kind":"contract","contract":"tz1ZWiiPXowuhN1UqNGVTrgNyf5tdxp4XUUq","change":"100000"}],"consumed_gas":"10207"}}}],"signature":"edsigu165B7VFf3Dpw2QABVzEtCxJY2gsNBNcE3Ti7rRxtDUjqTFRpg67EdAQmY6YWPE5tKJDMnSTJDFu65gic8uLjbW2YwGvAZ"}

'
    http_version: 
  recorded_at: Tue, 04 Feb 2020 10:44:05 GMT
- request:
    method: post
    uri: http://tezos_node:8094/chains/main/blocks/head/helpers/forge/operations
    body:
      encoding: UTF-8
      string: '{"branch":"BLT2DhGQ7zSq755qUR3LZq9N1DcyaPJfx1yX6cKSnebvub9deq9","contents":[{"kind":"transaction","amount":"100000","source":"tz1ZWiiPXowuhN1UqNGVTrgNyf5tdxp4XUUq","destination":"tz1ZWiiPXowuhN1UqNGVTrgNyf5tdxp4XUUq","gas_limit":"11207","storage_limit":"6000","counter":"16","fee":"50000"}]}'
    headers:
      Content-Type:
      - application/json
  response:
    status:
      code: 200
      message: OK
    headers:
      Content-Length:
      - '179'
      Content-Type:
      - application/json
    body:
      encoding: UTF-8
      string: '"610b8499e3e074d208bf79c418881caff827b5f6a9960ef92c906a3c41ea3c796c00982fd7853b46e70022bc56f12b427855a2adb67ed0860310c757f02ea08d060000982fd7853b46e70022bc56f12b427855a2adb67e00"

'
    http_version: 
  recorded_at: Tue, 04 Feb 2020 10:44:05 GMT
- request:
    method: get
    uri: http://tezos_node:8094//chains/main/blocks/head/metadata
    body:
      encoding: US-ASCII
      string: ''
    headers:
      Content-Type:
      - application/json
  response:
    status:
      code: 200
      message: OK
    headers:
      Content-Length:
      - '1042'
      Content-Type:
      - application/json
    body:
      encoding: UTF-8
      string: '{"protocol":"PsBabyM1eUXZseaJdmXFApDSBqj8YBfwELoxZHHW77EMcAbbwAS","next_protocol":"PsBabyM1eUXZseaJdmXFApDSBqj8YBfwELoxZHHW77EMcAbbwAS","test_chain_status":{"status":"not_running"},"max_operations_ttl":60,"max_operation_data_length":16384,"max_block_header_length":238,"max_operation_list_length":[{"max_size":32768,"max_op":32},{"max_size":32768},{"max_size":135168,"max_op":132},{"max_size":524288}],"baker":"tz1bRiJ6wkVNnSF6AFV5ZDE2kon97ewBiQFG","level":{"level":259,"level_position":258,"cycle":32,"cycle_position":2,"voting_period":4,"voting_period_position":2,"expected_commitment":false},"voting_period_kind":"proposal","nonce_hash":null,"consumed_gas":"19974","deactivated":[],"balance_updates":[{"kind":"contract","contract":"tz1bRiJ6wkVNnSF6AFV5ZDE2kon97ewBiQFG","change":"-512000000"},{"kind":"freezer","category":"deposits","delegate":"tz1bRiJ6wkVNnSF6AFV5ZDE2kon97ewBiQFG","cycle":32,"change":"512000000"},{"kind":"freezer","category":"rewards","delegate":"tz1bRiJ6wkVNnSF6AFV5ZDE2kon97ewBiQFG","cycle":32,"change":"12800000"}]}

'
    http_version: 
  recorded_at: Tue, 04 Feb 2020 10:44:05 GMT
- request:
    method: post
    uri: http://tezos_node:8094/chains/main/blocks/head/helpers/preapply/operations
    body:
      encoding: UTF-8
      string: '[{"protocol":"PsBabyM1eUXZseaJdmXFApDSBqj8YBfwELoxZHHW77EMcAbbwAS","branch":"BLT2DhGQ7zSq755qUR3LZq9N1DcyaPJfx1yX6cKSnebvub9deq9","contents":[{"kind":"transaction","amount":"100000","source":"tz1ZWiiPXowuhN1UqNGVTrgNyf5tdxp4XUUq","destination":"tz1ZWiiPXowuhN1UqNGVTrgNyf5tdxp4XUUq","gas_limit":"11207","storage_limit":"6000","counter":"16","fee":"50000"}],"signature":"edsigthM17PJ13ZnkesugdSHUuLi6keSHxZ5cTXnqBYXJef9YUSCDgEo9DSHALAuteXEZWoCoX6J2vfQZpoqcphD6Z5dR89pbuy"}]'
    headers:
      Content-Type:
      - application/json
  response:
    status:
      code: 200
      message: OK
    headers:
      Content-Length:
      - '841'
      Content-Type:
      - application/json
    body:
      encoding: UTF-8
      string: '[{"contents":[{"kind":"transaction","source":"tz1ZWiiPXowuhN1UqNGVTrgNyf5tdxp4XUUq","fee":"50000","counter":"16","gas_limit":"11207","storage_limit":"6000","amount":"100000","destination":"tz1ZWiiPXowuhN1UqNGVTrgNyf5tdxp4XUUq","metadata":{"balance_updates":[{"kind":"contract","contract":"tz1ZWiiPXowuhN1UqNGVTrgNyf5tdxp4XUUq","change":"-50000"},{"kind":"freezer","category":"fees","delegate":"tz1Ke2h7sDdakHJQh8WX4Z372du1KChsksyU","cycle":32,"change":"50000"}],"operation_result":{"status":"applied","balance_updates":[{"kind":"contract","contract":"tz1ZWiiPXowuhN1UqNGVTrgNyf5tdxp4XUUq","change":"-100000"},{"kind":"contract","contract":"tz1ZWiiPXowuhN1UqNGVTrgNyf5tdxp4XUUq","change":"100000"}],"consumed_gas":"10207"}}}],"signature":"edsigthM17PJ13ZnkesugdSHUuLi6keSHxZ5cTXnqBYXJef9YUSCDgEo9DSHALAuteXEZWoCoX6J2vfQZpoqcphD6Z5dR89pbuy"}]

'
    http_version: 
  recorded_at: Tue, 04 Feb 2020 10:44:05 GMT
- request:
    method: post
    uri: http://tezos_node:8094/injection/operation?chain=main
    body:
      encoding: UTF-8
      string: '"610b8499e3e074d208bf79c418881caff827b5f6a9960ef92c906a3c41ea3c796c00982fd7853b46e70022bc56f12b427855a2adb67ed0860310c757f02ea08d060000982fd7853b46e70022bc56f12b427855a2adb67e0048e8cde4c3762c3c570144fb429aa01b8e962d07530f32c8e3f2eec6625e1f6320671f3f49fb95794ee49af33eb71e0c85bab1d338aefe893180f04c64b10206"'
    headers:
      Content-Type:
      - application/json
  response:
    status:
      code: 200
      message: OK
    headers:
      Content-Length:
      - '54'
      Content-Type:
      - application/json
    body:
      encoding: UTF-8
      string: '"opY7gko9X2dQYyaenNgFnNB6TXgu4ECwX2ohxFk3bGXBqgfmeLz"

'
    http_version: 
  recorded_at: Tue, 04 Feb 2020 10:44:05 GMT
recorded_with: VCR 4.0.0
