---
http_interactions:
- request:
    method: get
    uri: http://tezos-node:8094//chains/main/blocks/head/context/contracts/tz1ZWiiPXowuhN1UqNGVTrgNyf5tdxp4XUUq/counter
    body:
      encoding: US-ASCII
      string: ''
    headers:
      Content-Type:
      - application/json
  response:
    status:
      code: 200
      message: OK
    headers:
      Content-Length:
      - '6'
      Content-Type:
      - application/json
    body:
      encoding: UTF-8
      string: '"306"

'
    http_version:
  recorded_at: Wed, 19 Feb 2020 09:59:34 GMT
- request:
    method: get
    uri: http://tezos-node:8094//chains/main/blocks/head/hash
    body:
      encoding: US-ASCII
      string: ''
    headers:
      Content-Type:
      - application/json
  response:
    status:
      code: 200
      message: OK
    headers:
      Content-Length:
      - '54'
      Content-Type:
      - application/json
    body:
      encoding: UTF-8
      string: '"BMPfJcaUrrJEdRak4bVBC6qDUuQMjBwpHP4eNRXnfv9crC1Trjt"

'
    http_version:
  recorded_at: Wed, 19 Feb 2020 09:59:34 GMT
- request:
    method: get
    uri: http://tezos-node:8094//chains/main/chain_id
    body:
      encoding: US-ASCII
      string: ''
    headers:
      Content-Type:
      - application/json
  response:
    status:
      code: 200
      message: OK
    headers:
      Content-Length:
      - '18'
      Content-Type:
      - application/json
    body:
      encoding: UTF-8
      string: '"NetXdQprcVkpaWU"

'
    http_version:
  recorded_at: Wed, 19 Feb 2020 09:59:34 GMT
- request:
    method: post
    uri: http://tezos-node:8094/chains/main/blocks/head/helpers/scripts/run_operation
    body:
      encoding: UTF-8
      string: '{"operation":{"branch":"BMPfJcaUrrJEdRak4bVBC6qDUuQMjBwpHP4eNRXnfv9crC1Trjt","contents":[{"kind":"origination","balance":"0","source":"tz1ZWiiPXowuhN1UqNGVTrgNyf5tdxp4XUUq","gas_limit":"700000","storage_limit":"60000","counter":"307","fee":"50000","script":{"code":[{"prim":"storage","args":[{"prim":"pair","args":[{"prim":"big_map","args":[{"prim":"string"},{"prim":"int"}],"annots":["%big_map_first"]},{"prim":"big_map","args":[{"prim":"string"},{"prim":"string"}],"annots":["%big_map_second"]}]}]},{"prim":"parameter","args":[{"prim":"or","args":[{"prim":"pair","args":[{"prim":"string","annots":["%key"]},{"prim":"int","annots":["%value"]}],"annots":["%add_first"]},{"prim":"pair","args":[{"prim":"string","annots":["%key"]},{"prim":"string","annots":["%value"]}],"annots":["%add_second"]}]}]},{"prim":"code","args":[[{"prim":"DUP"},{"prim":"CDR"},{"prim":"SWAP"},{"prim":"CAR"},{"prim":"IF_LEFT","args":[[[{"prim":"SWAP"},{"prim":"DUP"},{"prim":"DUG","args":[{"int":"2"}]},{"prim":"DUP"},{"prim":"CDR"},{"prim":"SWAP"},{"prim":"CAR"},{"prim":"DIG","args":[{"int":"2"}]},{"prim":"DUP"},{"prim":"DUG","args":[{"int":"3"}]},{"prim":"CDR"},{"prim":"SOME"},{"prim":"DIG","args":[{"int":"3"}]},{"prim":"DUP"},{"prim":"DUG","args":[{"int":"4"}]},{"prim":"CAR"},{"prim":"UPDATE"},{"prim":"PAIR"},{"prim":"DUG","args":[{"int":"2"}]},{"prim":"DROP"},{"prim":"DROP"}]],[[{"prim":"SWAP"},{"prim":"DUP"},{"prim":"DUG","args":[{"int":"2"}]},{"prim":"DUP"},{"prim":"CAR"},{"prim":"SWAP"},{"prim":"CDR"},{"prim":"DIG","args":[{"int":"2"}]},{"prim":"DUP"},{"prim":"DUG","args":[{"int":"3"}]},{"prim":"CDR"},{"prim":"SOME"},{"prim":"DIG","args":[{"int":"3"}]},{"prim":"DUP"},{"prim":"DUG","args":[{"int":"4"}]},{"prim":"CAR"},{"prim":"UPDATE"},{"prim":"SWAP"},{"prim":"PAIR"},{"prim":"DUG","args":[{"int":"2"}]},{"prim":"DROP"},{"prim":"DROP"}]]]},{"prim":"NIL","args":[{"prim":"operation"}]},{"prim":"PAIR"}]]}],"storage":{"prim":"Pair","args":[[],[]]}}}],"signature":"edsigu165B7VFf3Dpw2QABVzEtCxJY2gsNBNcE3Ti7rRxtDUjqTFRpg67EdAQmY6YWPE5tKJDMnSTJDFu65gic8uLjbW2YwGvAZ"},"chain_id":"NetXdQprcVkpaWU"}'
    headers:
      Content-Type:
      - application/json
  response:
    status:
      code: 200
      message: OK
    headers:
      Content-Length:
      - '2604'
      Content-Type:
      - application/json
    body:
      encoding: UTF-8
      string: '{"contents":[{"kind":"origination","source":"tz1ZWiiPXowuhN1UqNGVTrgNyf5tdxp4XUUq","fee":"50000","counter":"307","gas_limit":"700000","storage_limit":"60000","balance":"0","script":{"code":[{"prim":"storage","args":[{"prim":"pair","args":[{"prim":"big_map","args":[{"prim":"string"},{"prim":"int"}],"annots":["%big_map_first"]},{"prim":"big_map","args":[{"prim":"string"},{"prim":"string"}],"annots":["%big_map_second"]}]}]},{"prim":"parameter","args":[{"prim":"or","args":[{"prim":"pair","args":[{"prim":"string","annots":["%key"]},{"prim":"int","annots":["%value"]}],"annots":["%add_first"]},{"prim":"pair","args":[{"prim":"string","annots":["%key"]},{"prim":"string","annots":["%value"]}],"annots":["%add_second"]}]}]},{"prim":"code","args":[[{"prim":"DUP"},{"prim":"CDR"},{"prim":"SWAP"},{"prim":"CAR"},{"prim":"IF_LEFT","args":[[[{"prim":"SWAP"},{"prim":"DUP"},{"prim":"DUG","args":[{"int":"2"}]},{"prim":"DUP"},{"prim":"CDR"},{"prim":"SWAP"},{"prim":"CAR"},{"prim":"DIG","args":[{"int":"2"}]},{"prim":"DUP"},{"prim":"DUG","args":[{"int":"3"}]},{"prim":"CDR"},{"prim":"SOME"},{"prim":"DIG","args":[{"int":"3"}]},{"prim":"DUP"},{"prim":"DUG","args":[{"int":"4"}]},{"prim":"CAR"},{"prim":"UPDATE"},{"prim":"PAIR"},{"prim":"DUG","args":[{"int":"2"}]},{"prim":"DROP"},{"prim":"DROP"}]],[[{"prim":"SWAP"},{"prim":"DUP"},{"prim":"DUG","args":[{"int":"2"}]},{"prim":"DUP"},{"prim":"CAR"},{"prim":"SWAP"},{"prim":"CDR"},{"prim":"DIG","args":[{"int":"2"}]},{"prim":"DUP"},{"prim":"DUG","args":[{"int":"3"}]},{"prim":"CDR"},{"prim":"SOME"},{"prim":"DIG","args":[{"int":"3"}]},{"prim":"DUP"},{"prim":"DUG","args":[{"int":"4"}]},{"prim":"CAR"},{"prim":"UPDATE"},{"prim":"SWAP"},{"prim":"PAIR"},{"prim":"DUG","args":[{"int":"2"}]},{"prim":"DROP"},{"prim":"DROP"}]]]},{"prim":"NIL","args":[{"prim":"operation"}]},{"prim":"PAIR"}]]}],"storage":{"prim":"Pair","args":[[],[]]}},"metadata":{"balance_updates":[{"kind":"contract","contract":"tz1ZWiiPXowuhN1UqNGVTrgNyf5tdxp4XUUq","change":"-50000"},{"kind":"freezer","category":"fees","delegate":"tz1Ke2h7sDdakHJQh8WX4Z372du1KChsksyU","cycle":5980,"change":"50000"}],"operation_result":{"status":"applied","big_map_diff":[{"action":"alloc","big_map":"286","key_type":{"prim":"string"},"value_type":{"prim":"string"}},{"action":"alloc","big_map":"285","key_type":{"prim":"string"},"value_type":{"prim":"int"}}],"originated_contracts":["KT1BoL8j4DRhkYGumdakzP6jeUG6aZXhfjVf"],"consumed_gas":"18021","storage_size":"374","paid_storage_size_diff":"374"}}}],"signature":"edsigu165B7VFf3Dpw2QABVzEtCxJY2gsNBNcE3Ti7rRxtDUjqTFRpg67EdAQmY6YWPE5tKJDMnSTJDFu65gic8uLjbW2YwGvAZ"}

'
    http_version:
  recorded_at: Wed, 19 Feb 2020 09:59:34 GMT
- request:
    method: post
    uri: http://tezos-node:8094/chains/main/blocks/head/helpers/forge/operations
    body:
      encoding: UTF-8
      string: '{"branch":"BMPfJcaUrrJEdRak4bVBC6qDUuQMjBwpHP4eNRXnfv9crC1Trjt","contents":[{"kind":"origination","balance":"0","source":"tz1ZWiiPXowuhN1UqNGVTrgNyf5tdxp4XUUq","gas_limit":"19021","storage_limit":"60000","counter":"307","fee":"50000","script":{"code":[{"prim":"storage","args":[{"prim":"pair","args":[{"prim":"big_map","args":[{"prim":"string"},{"prim":"int"}],"annots":["%big_map_first"]},{"prim":"big_map","args":[{"prim":"string"},{"prim":"string"}],"annots":["%big_map_second"]}]}]},{"prim":"parameter","args":[{"prim":"or","args":[{"prim":"pair","args":[{"prim":"string","annots":["%key"]},{"prim":"int","annots":["%value"]}],"annots":["%add_first"]},{"prim":"pair","args":[{"prim":"string","annots":["%key"]},{"prim":"string","annots":["%value"]}],"annots":["%add_second"]}]}]},{"prim":"code","args":[[{"prim":"DUP"},{"prim":"CDR"},{"prim":"SWAP"},{"prim":"CAR"},{"prim":"IF_LEFT","args":[[[{"prim":"SWAP"},{"prim":"DUP"},{"prim":"DUG","args":[{"int":"2"}]},{"prim":"DUP"},{"prim":"CDR"},{"prim":"SWAP"},{"prim":"CAR"},{"prim":"DIG","args":[{"int":"2"}]},{"prim":"DUP"},{"prim":"DUG","args":[{"int":"3"}]},{"prim":"CDR"},{"prim":"SOME"},{"prim":"DIG","args":[{"int":"3"}]},{"prim":"DUP"},{"prim":"DUG","args":[{"int":"4"}]},{"prim":"CAR"},{"prim":"UPDATE"},{"prim":"PAIR"},{"prim":"DUG","args":[{"int":"2"}]},{"prim":"DROP"},{"prim":"DROP"}]],[[{"prim":"SWAP"},{"prim":"DUP"},{"prim":"DUG","args":[{"int":"2"}]},{"prim":"DUP"},{"prim":"CAR"},{"prim":"SWAP"},{"prim":"CDR"},{"prim":"DIG","args":[{"int":"2"}]},{"prim":"DUP"},{"prim":"DUG","args":[{"int":"3"}]},{"prim":"CDR"},{"prim":"SOME"},{"prim":"DIG","args":[{"int":"3"}]},{"prim":"DUP"},{"prim":"DUG","args":[{"int":"4"}]},{"prim":"CAR"},{"prim":"UPDATE"},{"prim":"SWAP"},{"prim":"PAIR"},{"prim":"DUG","args":[{"int":"2"}]},{"prim":"DROP"},{"prim":"DROP"}]]]},{"prim":"NIL","args":[{"prim":"operation"}]},{"prim":"PAIR"}]]}],"storage":{"prim":"Pair","args":[[],[]]}}}]}'
    headers:
      Content-Type:
      - application/json
  response:
    status:
      code: 200
      message: OK
    headers:
      Content-Length:
      - '761'
      Content-Type:
      - application/json
    body:
      encoding: UTF-8
      string: '"dd1c4468d2c8a9840b87249f6d2d38825de0d086e364ee28bf1ee4f9adb1aa2a6d00982fd7853b46e70022bc56f12b427855a2adb67ed08603b302cd9401e0d403000000000124020000011f0501076508610368035b0000000e256269675f6d61705f66697273740861036803680000000f256269675f6d61705f7365636f6e64050007640865046800000004256b6579045b000000062576616c75650000000a256164645f66697273740865046800000004256b65790468000000062576616c75650000000b256164645f7365636f6e640502020000009203210317034c0316072e020000003b0200000036034c03210571000203210317034c03160570000203210571000303170346057000030321057100040316035003420571000203200320020000003d0200000038034c03210571000203210316034c031705700002032105710003031703460570000303210571000403160350034c03420571000203200320053d036d03420000000c070702000000000200000000"

'
    http_version:
  recorded_at: Wed, 19 Feb 2020 09:59:34 GMT
- request:
    method: get
    uri: http://tezos-node:8094//chains/main/blocks/head/metadata
    body:
      encoding: US-ASCII
      string: ''
    headers:
      Content-Type:
      - application/json
  response:
    status:
      code: 200
      message: OK
    headers:
      Content-Length:
      - '1051'
      Content-Type:
      - application/json
    body:
      encoding: UTF-8
      string: '{"protocol":"PsBabyM1eUXZseaJdmXFApDSBqj8YBfwELoxZHHW77EMcAbbwAS","next_protocol":"PsBabyM1eUXZseaJdmXFApDSBqj8YBfwELoxZHHW77EMcAbbwAS","test_chain_status":{"status":"not_running"},"max_operations_ttl":60,"max_operation_data_length":16384,"max_block_header_length":238,"max_operation_list_length":[{"max_size":32768,"max_op":32},{"max_size":32768},{"max_size":135168,"max_op":132},{"max_size":524288}],"baker":"tz1bRiJ6wkVNnSF6AFV5ZDE2kon97ewBiQFG","level":{"level":47843,"level_position":47842,"cycle":5980,"cycle_position":2,"voting_period":747,"voting_period_position":34,"expected_commitment":false},"voting_period_kind":"proposal","nonce_hash":null,"consumed_gas":"0","deactivated":[],"balance_updates":[{"kind":"contract","contract":"tz1bRiJ6wkVNnSF6AFV5ZDE2kon97ewBiQFG","change":"-512000000"},{"kind":"freezer","category":"deposits","delegate":"tz1bRiJ6wkVNnSF6AFV5ZDE2kon97ewBiQFG","cycle":5980,"change":"512000000"},{"kind":"freezer","category":"rewards","delegate":"tz1bRiJ6wkVNnSF6AFV5ZDE2kon97ewBiQFG","cycle":5980,"change":"16000000"}]}

'
    http_version:
  recorded_at: Wed, 19 Feb 2020 09:59:34 GMT
- request:
    method: post
    uri: http://tezos-node:8094/chains/main/blocks/head/helpers/preapply/operations
    body:
      encoding: UTF-8
      string: '[{"protocol":"PsBabyM1eUXZseaJdmXFApDSBqj8YBfwELoxZHHW77EMcAbbwAS","branch":"BMPfJcaUrrJEdRak4bVBC6qDUuQMjBwpHP4eNRXnfv9crC1Trjt","contents":[{"kind":"origination","balance":"0","source":"tz1ZWiiPXowuhN1UqNGVTrgNyf5tdxp4XUUq","gas_limit":"19021","storage_limit":"60000","counter":"307","fee":"50000","script":{"code":[{"prim":"storage","args":[{"prim":"pair","args":[{"prim":"big_map","args":[{"prim":"string"},{"prim":"int"}],"annots":["%big_map_first"]},{"prim":"big_map","args":[{"prim":"string"},{"prim":"string"}],"annots":["%big_map_second"]}]}]},{"prim":"parameter","args":[{"prim":"or","args":[{"prim":"pair","args":[{"prim":"string","annots":["%key"]},{"prim":"int","annots":["%value"]}],"annots":["%add_first"]},{"prim":"pair","args":[{"prim":"string","annots":["%key"]},{"prim":"string","annots":["%value"]}],"annots":["%add_second"]}]}]},{"prim":"code","args":[[{"prim":"DUP"},{"prim":"CDR"},{"prim":"SWAP"},{"prim":"CAR"},{"prim":"IF_LEFT","args":[[[{"prim":"SWAP"},{"prim":"DUP"},{"prim":"DUG","args":[{"int":"2"}]},{"prim":"DUP"},{"prim":"CDR"},{"prim":"SWAP"},{"prim":"CAR"},{"prim":"DIG","args":[{"int":"2"}]},{"prim":"DUP"},{"prim":"DUG","args":[{"int":"3"}]},{"prim":"CDR"},{"prim":"SOME"},{"prim":"DIG","args":[{"int":"3"}]},{"prim":"DUP"},{"prim":"DUG","args":[{"int":"4"}]},{"prim":"CAR"},{"prim":"UPDATE"},{"prim":"PAIR"},{"prim":"DUG","args":[{"int":"2"}]},{"prim":"DROP"},{"prim":"DROP"}]],[[{"prim":"SWAP"},{"prim":"DUP"},{"prim":"DUG","args":[{"int":"2"}]},{"prim":"DUP"},{"prim":"CAR"},{"prim":"SWAP"},{"prim":"CDR"},{"prim":"DIG","args":[{"int":"2"}]},{"prim":"DUP"},{"prim":"DUG","args":[{"int":"3"}]},{"prim":"CDR"},{"prim":"SOME"},{"prim":"DIG","args":[{"int":"3"}]},{"prim":"DUP"},{"prim":"DUG","args":[{"int":"4"}]},{"prim":"CAR"},{"prim":"UPDATE"},{"prim":"SWAP"},{"prim":"PAIR"},{"prim":"DUG","args":[{"int":"2"}]},{"prim":"DROP"},{"prim":"DROP"}]]]},{"prim":"NIL","args":[{"prim":"operation"}]},{"prim":"PAIR"}]]}],"storage":{"prim":"Pair","args":[[],[]]}}}],"signature":"edsigteZGoSiqV2VqQWHXjMpvdP2mfZgUfSmNfHQjzgjbDgVVQaXUkhfigyNMTtXmTmWCv7fWD5vc8JuH58bpqFTGpXh4NnLWyW"}]'
    headers:
      Content-Type:
      - application/json
  response:
    status:
      code: 200
      message: OK
    headers:
      Content-Length:
      - '2605'
      Content-Type:
      - application/json
    body:
      encoding: UTF-8
      string: '[{"contents":[{"kind":"origination","source":"tz1ZWiiPXowuhN1UqNGVTrgNyf5tdxp4XUUq","fee":"50000","counter":"307","gas_limit":"19021","storage_limit":"60000","balance":"0","script":{"code":[{"prim":"storage","args":[{"prim":"pair","args":[{"prim":"big_map","args":[{"prim":"string"},{"prim":"int"}],"annots":["%big_map_first"]},{"prim":"big_map","args":[{"prim":"string"},{"prim":"string"}],"annots":["%big_map_second"]}]}]},{"prim":"parameter","args":[{"prim":"or","args":[{"prim":"pair","args":[{"prim":"string","annots":["%key"]},{"prim":"int","annots":["%value"]}],"annots":["%add_first"]},{"prim":"pair","args":[{"prim":"string","annots":["%key"]},{"prim":"string","annots":["%value"]}],"annots":["%add_second"]}]}]},{"prim":"code","args":[[{"prim":"DUP"},{"prim":"CDR"},{"prim":"SWAP"},{"prim":"CAR"},{"prim":"IF_LEFT","args":[[[{"prim":"SWAP"},{"prim":"DUP"},{"prim":"DUG","args":[{"int":"2"}]},{"prim":"DUP"},{"prim":"CDR"},{"prim":"SWAP"},{"prim":"CAR"},{"prim":"DIG","args":[{"int":"2"}]},{"prim":"DUP"},{"prim":"DUG","args":[{"int":"3"}]},{"prim":"CDR"},{"prim":"SOME"},{"prim":"DIG","args":[{"int":"3"}]},{"prim":"DUP"},{"prim":"DUG","args":[{"int":"4"}]},{"prim":"CAR"},{"prim":"UPDATE"},{"prim":"PAIR"},{"prim":"DUG","args":[{"int":"2"}]},{"prim":"DROP"},{"prim":"DROP"}]],[[{"prim":"SWAP"},{"prim":"DUP"},{"prim":"DUG","args":[{"int":"2"}]},{"prim":"DUP"},{"prim":"CAR"},{"prim":"SWAP"},{"prim":"CDR"},{"prim":"DIG","args":[{"int":"2"}]},{"prim":"DUP"},{"prim":"DUG","args":[{"int":"3"}]},{"prim":"CDR"},{"prim":"SOME"},{"prim":"DIG","args":[{"int":"3"}]},{"prim":"DUP"},{"prim":"DUG","args":[{"int":"4"}]},{"prim":"CAR"},{"prim":"UPDATE"},{"prim":"SWAP"},{"prim":"PAIR"},{"prim":"DUG","args":[{"int":"2"}]},{"prim":"DROP"},{"prim":"DROP"}]]]},{"prim":"NIL","args":[{"prim":"operation"}]},{"prim":"PAIR"}]]}],"storage":{"prim":"Pair","args":[[],[]]}},"metadata":{"balance_updates":[{"kind":"contract","contract":"tz1ZWiiPXowuhN1UqNGVTrgNyf5tdxp4XUUq","change":"-50000"},{"kind":"freezer","category":"fees","delegate":"tz1Ke2h7sDdakHJQh8WX4Z372du1KChsksyU","cycle":5980,"change":"50000"}],"operation_result":{"status":"applied","big_map_diff":[{"action":"alloc","big_map":"286","key_type":{"prim":"string"},"value_type":{"prim":"string"}},{"action":"alloc","big_map":"285","key_type":{"prim":"string"},"value_type":{"prim":"int"}}],"originated_contracts":["KT1CVHHink8sJcD6jV4nuaeBFJUpP5vDKkCD"],"consumed_gas":"18021","storage_size":"374","paid_storage_size_diff":"374"}}}],"signature":"edsigteZGoSiqV2VqQWHXjMpvdP2mfZgUfSmNfHQjzgjbDgVVQaXUkhfigyNMTtXmTmWCv7fWD5vc8JuH58bpqFTGpXh4NnLWyW"}]

'
    http_version:
  recorded_at: Wed, 19 Feb 2020 09:59:34 GMT
- request:
    method: post
    uri: http://tezos-node:8094/injection/operation?chain=main
    body:
      encoding: UTF-8
      string: '"dd1c4468d2c8a9840b87249f6d2d38825de0d086e364ee28bf1ee4f9adb1aa2a6d00982fd7853b46e70022bc56f12b427855a2adb67ed08603b302cd9401e0d403000000000124020000011f0501076508610368035b0000000e256269675f6d61705f66697273740861036803680000000f256269675f6d61705f7365636f6e64050007640865046800000004256b6579045b000000062576616c75650000000a256164645f66697273740865046800000004256b65790468000000062576616c75650000000b256164645f7365636f6e640502020000009203210317034c0316072e020000003b0200000036034c03210571000203210317034c03160570000203210571000303170346057000030321057100040316035003420571000203200320020000003d0200000038034c03210571000203210316034c031705700002032105710003031703460570000303210571000403160350034c03420571000203200320053d036d03420000000c07070200000000020000000033987f11e5e1df761fb3da20a4fd2a471cd984ba19d8eddb94dd658554087260d2b9f5d5e39f7eeb47afc3a08f99fe60b46191fb1bf99bf2e999ebb28c275b0e"'
    headers:
      Content-Type:
      - application/json
  response:
    status:
      code: 200
      message: OK
    headers:
      Content-Length:
      - '54'
      Content-Type:
      - application/json
    body:
      encoding: UTF-8
      string: '"op2xgqdgZUgrgLgWD58fW6Tw8B3N8NwG6CScUxvrS4xryLvbmC2"

'
    http_version:
  recorded_at: Wed, 19 Feb 2020 09:59:34 GMT
- request:
    method: get
    uri: http://tezos-node:8094//chains/main/blocks/head/context/contracts/KT1CVHHink8sJcD6jV4nuaeBFJUpP5vDKkCD/storage
    body:
      encoding: US-ASCII
      string: ''
    headers:
      Content-Type:
      - application/json
  response:
    status:
      code: 200
      message: OK
    headers:
      Content-Length:
      - '53'
      Content-Type:
      - application/json
    body:
      encoding: UTF-8
      string: '{"prim":"Pair","args":[{"int":"285"},{"int":"286"}]}

'
    http_version:
  recorded_at: Wed, 19 Feb 2020 09:59:42 GMT
- request:
    method: get
    uri: http://tezos-node:8094//chains/main/blocks/head/context/contracts/KT1CVHHink8sJcD6jV4nuaeBFJUpP5vDKkCD
    body:
      encoding: US-ASCII
      string: ''
    headers:
      Content-Type:
      - application/json
  response:
    status:
      code: 200
      message: OK
    headers:
      Content-Length:
      - '1732'
      Content-Type:
      - application/json
    body:
      encoding: UTF-8
      string: '{"balance":"0","script":{"code":[{"prim":"parameter","args":[{"prim":"or","args":[{"prim":"pair","args":[{"prim":"string","annots":["%key"]},{"prim":"int","annots":["%value"]}],"annots":["%add_first"]},{"prim":"pair","args":[{"prim":"string","annots":["%key"]},{"prim":"string","annots":["%value"]}],"annots":["%add_second"]}]}]},{"prim":"storage","args":[{"prim":"pair","args":[{"prim":"big_map","args":[{"prim":"string"},{"prim":"int"}],"annots":["%big_map_first"]},{"prim":"big_map","args":[{"prim":"string"},{"prim":"string"}],"annots":["%big_map_second"]}]}]},{"prim":"code","args":[[{"prim":"DUP"},{"prim":"CDR"},{"prim":"SWAP"},{"prim":"CAR"},{"prim":"IF_LEFT","args":[[[{"prim":"SWAP"},{"prim":"DUP"},{"prim":"DUG","args":[{"int":"2"}]},{"prim":"DUP"},{"prim":"CDR"},{"prim":"SWAP"},{"prim":"CAR"},{"prim":"DIG","args":[{"int":"2"}]},{"prim":"DUP"},{"prim":"DUG","args":[{"int":"3"}]},{"prim":"CDR"},{"prim":"SOME"},{"prim":"DIG","args":[{"int":"3"}]},{"prim":"DUP"},{"prim":"DUG","args":[{"int":"4"}]},{"prim":"CAR"},{"prim":"UPDATE"},{"prim":"PAIR"},{"prim":"DUG","args":[{"int":"2"}]},{"prim":"DROP"},{"prim":"DROP"}]],[[{"prim":"SWAP"},{"prim":"DUP"},{"prim":"DUG","args":[{"int":"2"}]},{"prim":"DUP"},{"prim":"CAR"},{"prim":"SWAP"},{"prim":"CDR"},{"prim":"DIG","args":[{"int":"2"}]},{"prim":"DUP"},{"prim":"DUG","args":[{"int":"3"}]},{"prim":"CDR"},{"prim":"SOME"},{"prim":"DIG","args":[{"int":"3"}]},{"prim":"DUP"},{"prim":"DUG","args":[{"int":"4"}]},{"prim":"CAR"},{"prim":"UPDATE"},{"prim":"SWAP"},{"prim":"PAIR"},{"prim":"DUG","args":[{"int":"2"}]},{"prim":"DROP"},{"prim":"DROP"}]]]},{"prim":"NIL","args":[{"prim":"operation"}]},{"prim":"PAIR"}]]}],"storage":{"prim":"Pair","args":[{"int":"285"},{"int":"286"}]}}}

'
    http_version:
  recorded_at: Wed, 19 Feb 2020 09:59:42 GMT
recorded_with: VCR 4.0.0
