---
http_interactions:
- request:
    method: get
    uri: http://alphanet-node.tzscan.io//chains/main/blocks/head/context/contracts/tz1ZWiiPXowuhN1UqNGVTrgNyf5tdxp4XUUq/counter
    body:
      encoding: US-ASCII
      string: ''
    headers:
      Content-Type:
      - application/json
  response:
    status:
      code: 200
      message: OK
    headers:
      Server:
      - nginx
      Date:
      - Fri, 13 Sep 2019 09:23:58 GMT
      Content-Type:
      - application/json
      Content-Length:
      - '8'
      Connection:
      - keep-alive
    body:
      encoding: UTF-8
      string: '"15564"

'
    http_version: 
  recorded_at: Fri, 13 Sep 2019 09:23:58 GMT
- request:
    method: get
    uri: http://alphanet-node.tzscan.io//chains/main/blocks/head/hash
    body:
      encoding: US-ASCII
      string: ''
    headers:
      Content-Type:
      - application/json
  response:
    status:
      code: 200
      message: OK
    headers:
      Server:
      - nginx
      Date:
      - Fri, 13 Sep 2019 09:23:58 GMT
      Content-Type:
      - application/json
      Content-Length:
      - '54'
      Connection:
      - keep-alive
    body:
      encoding: UTF-8
      string: '"BM7hDu2iguYqx2bKtXHWBF378KNTxBnfCh1B7LJ4BhdpCwg4q2s"

'
    http_version: 
  recorded_at: Fri, 13 Sep 2019 09:23:58 GMT
- request:
    method: post
    uri: http://alphanet-node.tzscan.io/chains/main/blocks/head/helpers/forge/operations
    body:
      encoding: UTF-8
      string: '{"branch":"BM7hDu2iguYqx2bKtXHWBF378KNTxBnfCh1B7LJ4BhdpCwg4q2s","contents":[{"kind":"transaction","amount":"1000000","source":"tz1ZWiiPXowuhN1UqNGVTrgNyf5tdxp4XUUq","destination":"tz1ZWiiPXowuhN1UqNGVTrgNyf5tdxp4XUUq","gas_limit":"100000","storage_limit":"6000","counter":"15565","fee":"50000"}]}'
    headers:
      Content-Type:
      - application/json
  response:
    status:
      code: 200
      message: OK
    headers:
      Server:
      - nginx
      Date:
      - Fri, 13 Sep 2019 09:23:58 GMT
      Content-Type:
      - application/json
      Content-Length:
      - '185'
      Connection:
      - keep-alive
    body:
      encoding: UTF-8
      string: '"b8db06fd9dc9ee35537f8c80f3c9a755e32e42224609aeddb230b2774cdd3491080000982fd7853b46e70022bc56f12b427855a2adb67ed08603cd79a08d06f02ec0843d0000982fd7853b46e70022bc56f12b427855a2adb67e00"

'
    http_version: 
  recorded_at: Fri, 13 Sep 2019 09:23:58 GMT
- request:
    method: post
    uri: http://alphanet-node.tzscan.io/chains/main/blocks/head/helpers/scripts/run_operation
    body:
      encoding: UTF-8
      string: '{"branch":"BM7hDu2iguYqx2bKtXHWBF378KNTxBnfCh1B7LJ4BhdpCwg4q2s","contents":[{"kind":"transaction","amount":"1000000","source":"tz1ZWiiPXowuhN1UqNGVTrgNyf5tdxp4XUUq","destination":"tz1ZWiiPXowuhN1UqNGVTrgNyf5tdxp4XUUq","gas_limit":"100000","storage_limit":"6000","counter":"15565","fee":"50000"}],"signature":"edsigtx3rZPJSJWUDo9P6yesKHi4SPCFyXnAvTj2WihPHEpHoLj4rZETNdGRodBpZrEZ9w5QMi3tzmNbPdSo8wdsuV3oGQQZFaS"}'
    headers:
      Content-Type:
      - application/json
  response:
    status:
      code: 200
      message: OK
    headers:
      Server:
      - nginx
      Date:
      - Fri, 13 Sep 2019 09:23:58 GMT
      Content-Type:
      - application/json
      Content-Length:
      - '847'
      Connection:
      - keep-alive
    body:
      encoding: UTF-8
      string: '{"contents":[{"kind":"transaction","source":"tz1ZWiiPXowuhN1UqNGVTrgNyf5tdxp4XUUq","fee":"50000","counter":"15565","gas_limit":"100000","storage_limit":"6000","amount":"1000000","destination":"tz1ZWiiPXowuhN1UqNGVTrgNyf5tdxp4XUUq","metadata":{"balance_updates":[{"kind":"contract","contract":"tz1ZWiiPXowuhN1UqNGVTrgNyf5tdxp4XUUq","change":"-50000"},{"kind":"freezer","category":"fees","delegate":"tz1Ke2h7sDdakHJQh8WX4Z372du1KChsksyU","cycle":320,"change":"50000"}],"operation_result":{"status":"applied","balance_updates":[{"kind":"contract","contract":"tz1ZWiiPXowuhN1UqNGVTrgNyf5tdxp4XUUq","change":"-1000000"},{"kind":"contract","contract":"tz1ZWiiPXowuhN1UqNGVTrgNyf5tdxp4XUUq","change":"1000000"}],"consumed_gas":"10200"}}}],"signature":"edsigtx3rZPJSJWUDo9P6yesKHi4SPCFyXnAvTj2WihPHEpHoLj4rZETNdGRodBpZrEZ9w5QMi3tzmNbPdSo8wdsuV3oGQQZFaS"}

'
    http_version: 
  recorded_at: Fri, 13 Sep 2019 09:23:58 GMT
- request:
    method: post
    uri: http://alphanet-node.tzscan.io/chains/main/blocks/head/helpers/forge/operations
    body:
      encoding: UTF-8
      string: '{"branch":"BM7hDu2iguYqx2bKtXHWBF378KNTxBnfCh1B7LJ4BhdpCwg4q2s","contents":[{"kind":"transaction","amount":"1000000","source":"tz1ZWiiPXowuhN1UqNGVTrgNyf5tdxp4XUUq","destination":"tz1ZWiiPXowuhN1UqNGVTrgNyf5tdxp4XUUq","gas_limit":"11200","storage_limit":"6000","counter":"15565","fee":"50000"}]}'
    headers:
      Content-Type:
      - application/json
  response:
    status:
      code: 200
      message: OK
    headers:
      Server:
      - nginx
      Date:
      - Fri, 13 Sep 2019 09:23:58 GMT
      Content-Type:
      - application/json
      Content-Length:
      - '183'
      Connection:
      - keep-alive
    body:
      encoding: UTF-8
      string: '"b8db06fd9dc9ee35537f8c80f3c9a755e32e42224609aeddb230b2774cdd3491080000982fd7853b46e70022bc56f12b427855a2adb67ed08603cd79c057f02ec0843d0000982fd7853b46e70022bc56f12b427855a2adb67e00"

'
    http_version: 
  recorded_at: Fri, 13 Sep 2019 09:23:58 GMT
- request:
    method: get
    uri: http://alphanet-node.tzscan.io//chains/main/blocks/head/metadata
    body:
      encoding: US-ASCII
      string: ''
    headers:
      Content-Type:
      - application/json
  response:
    status:
      code: 200
      message: OK
    headers:
      Server:
      - nginx
      Date:
      - Fri, 13 Sep 2019 09:23:58 GMT
      Content-Type:
      - application/json
      Content-Length:
      - '1058'
      Connection:
      - keep-alive
    body:
      encoding: UTF-8
      string: '{"protocol":"Pt24m4xiPbLDhVgVfABUjirbmda3yohdN82Sp9FeuAXJ4eV9otd","next_protocol":"Pt24m4xiPbLDhVgVfABUjirbmda3yohdN82Sp9FeuAXJ4eV9otd","test_chain_status":{"status":"not_running"},"max_operations_ttl":60,"max_operation_data_length":16384,"max_block_header_length":238,"max_operation_list_length":[{"max_size":32768,"max_op":32},{"max_size":32768},{"max_size":135168,"max_op":132},{"max_size":524288}],"baker":"tz3WXYtyDUNL91qfiCJtVUX746QpNv5i5ve5","level":{"level":656520,"level_position":656519,"cycle":320,"cycle_position":1159,"voting_period":80,"voting_period_position":1159,"expected_commitment":false},"voting_period_kind":"proposal","nonce_hash":null,"consumed_gas":"81200","deactivated":[],"balance_updates":[{"kind":"contract","contract":"tz3WXYtyDUNL91qfiCJtVUX746QpNv5i5ve5","change":"-512000000"},{"kind":"freezer","category":"deposits","delegate":"tz3WXYtyDUNL91qfiCJtVUX746QpNv5i5ve5","cycle":320,"change":"512000000"},{"kind":"freezer","category":"rewards","delegate":"tz3WXYtyDUNL91qfiCJtVUX746QpNv5i5ve5","cycle":320,"change":"16000000"}]}

'
    http_version: 
  recorded_at: Fri, 13 Sep 2019 09:23:58 GMT
- request:
    method: post
    uri: http://alphanet-node.tzscan.io/chains/main/blocks/head/helpers/preapply/operations
    body:
      encoding: UTF-8
      string: '[{"protocol":"Pt24m4xiPbLDhVgVfABUjirbmda3yohdN82Sp9FeuAXJ4eV9otd","branch":"BM7hDu2iguYqx2bKtXHWBF378KNTxBnfCh1B7LJ4BhdpCwg4q2s","contents":[{"kind":"transaction","amount":"1000000","source":"tz1ZWiiPXowuhN1UqNGVTrgNyf5tdxp4XUUq","destination":"tz1ZWiiPXowuhN1UqNGVTrgNyf5tdxp4XUUq","gas_limit":"11200","storage_limit":"6000","counter":"15565","fee":"50000"}],"signature":"edsigu1Yc2uzbduhLvu11ZrL1yDvzrTM8UgsbqZaQNxYTFjLyqv5Px4ZTFzNY25Efbd9xRXmVQjr6JMqZLjUEq2p5i6hKKytPXm"}]'
    headers:
      Content-Type:
      - application/json
  response:
    status:
      code: 200
      message: OK
    headers:
      Server:
      - nginx
      Date:
      - Fri, 13 Sep 2019 09:23:58 GMT
      Content-Type:
      - application/json
      Content-Length:
      - '848'
      Connection:
      - keep-alive
    body:
      encoding: UTF-8
      string: '[{"contents":[{"kind":"transaction","source":"tz1ZWiiPXowuhN1UqNGVTrgNyf5tdxp4XUUq","fee":"50000","counter":"15565","gas_limit":"11200","storage_limit":"6000","amount":"1000000","destination":"tz1ZWiiPXowuhN1UqNGVTrgNyf5tdxp4XUUq","metadata":{"balance_updates":[{"kind":"contract","contract":"tz1ZWiiPXowuhN1UqNGVTrgNyf5tdxp4XUUq","change":"-50000"},{"kind":"freezer","category":"fees","delegate":"tz1Ke2h7sDdakHJQh8WX4Z372du1KChsksyU","cycle":320,"change":"50000"}],"operation_result":{"status":"applied","balance_updates":[{"kind":"contract","contract":"tz1ZWiiPXowuhN1UqNGVTrgNyf5tdxp4XUUq","change":"-1000000"},{"kind":"contract","contract":"tz1ZWiiPXowuhN1UqNGVTrgNyf5tdxp4XUUq","change":"1000000"}],"consumed_gas":"10200"}}}],"signature":"edsigu1Yc2uzbduhLvu11ZrL1yDvzrTM8UgsbqZaQNxYTFjLyqv5Px4ZTFzNY25Efbd9xRXmVQjr6JMqZLjUEq2p5i6hKKytPXm"}]

'
    http_version: 
  recorded_at: Fri, 13 Sep 2019 09:23:58 GMT
- request:
    method: post
    uri: http://alphanet-node.tzscan.io/injection/operation?chain=main
    body:
      encoding: UTF-8
      string: '"b8db06fd9dc9ee35537f8c80f3c9a755e32e42224609aeddb230b2774cdd3491080000982fd7853b46e70022bc56f12b427855a2adb67ed08603cd79c057f02ec0843d0000982fd7853b46e70022bc56f12b427855a2adb67e00d405eb3a8d0a2f7864b1da13efb6b6b445b9eff90a94561ffa7e130acdeb83af0805f24f564a40cb13852e9ed73bc6ffaf6b0b637b6b05a802ddb938fc808c06"'
    headers:
      Content-Type:
      - application/json
  response:
    status:
      code: 200
      message: OK
    headers:
      Server:
      - nginx
      Date:
      - Fri, 13 Sep 2019 09:23:58 GMT
      Content-Type:
      - application/json
      Content-Length:
      - '54'
      Connection:
      - keep-alive
    body:
      encoding: UTF-8
      string: '"ooG1yDxcathdNyjVypKzcjwJhfRQRcvfyGwyYo8dNpXoVdVjFpm"

'
    http_version: 
  recorded_at: Fri, 13 Sep 2019 09:23:58 GMT
- request:
    method: get
    uri: http://alphanet-node.tzscan.io/chains/main/mempool/pending_operations
    body:
      encoding: US-ASCII
      string: ''
    headers:
      Content-Type:
      - application/json
  response:
    status:
      code: 200
      message: OK
    headers:
      Server:
      - nginx
      Date:
      - Fri, 13 Sep 2019 09:23:58 GMT
      Content-Type:
      - application/json
      Content-Length:
      - '3022'
      Connection:
      - keep-alive
    body:
      encoding: UTF-8
      string: '{"applied":[{"hash":"opV7rXSZBmGpAGLYGWJiNp112DmNosKqmo7v9kQxMSZpLReTkQH","branch":"BM7hDu2iguYqx2bKtXHWBF378KNTxBnfCh1B7LJ4BhdpCwg4q2s","contents":[{"kind":"endorsement","level":656520}],"signature":"sigrDaaEzcNoTVvMDbJJggHGj9gR9UhEzeG3SWWmcWfMUVmidQRCHSVhjwH3GWhy35YxWrst5BZ2Zmzm28DbmuSYoG51pLT7"},{"hash":"opB9wg3XCeTG2wqx2FVNjezuh6Mk6ZiMqP6gsjAJgWPWNNPhxZG","branch":"BM7hDu2iguYqx2bKtXHWBF378KNTxBnfCh1B7LJ4BhdpCwg4q2s","contents":[{"kind":"endorsement","level":656520}],"signature":"sigZeKSmZC41AmsJgHgMY5bHZ6SGeCr9P3HKMgED8phxPKimp66hFv1BbBAVf5huwdTLXTwPsinnJ9DJXbWfMqxzp1xrKwJq"},{"hash":"op8haaYbmkL8cbPZsEULsALjgB7RQ6iRR4ZqYFBrTidESgUCRf5","branch":"BMdnGdDzuMbyZNmYPzHS3zF18W45Aid7nE1FfgvqDmDpbWYaQti","contents":[{"kind":"transaction","source":"tz1Wuua6s88NN3jnbixiKhrywqmM6kjeTLYV","fee":"1420","counter":"132667","gas_limit":"10500","storage_limit":"0","amount":"2297868","destination":"tz1Zqs6fs9zcCJJx57sjYyDX7x8b9npMAkQq"}],"signature":"sigqxvkm1Jz5M4EVwDm48ffF9QV8uoWGytSNR7fTxCgq37nBgqtdRaB9PJuXwoQicBXpRxMBxCkYuaHuFv1hUU3igDcnV5vM"},{"hash":"ooDPYLYwDyE6GY7aKD1gY9A3dL66RU6reFwDcsRSouQQr7fNU5b","branch":"BM7hDu2iguYqx2bKtXHWBF378KNTxBnfCh1B7LJ4BhdpCwg4q2s","contents":[{"kind":"endorsement","level":656520}],"signature":"sigNiq8nWnbHxieF52bFrjuygzxCGH9ebcRS8CWyiyg1dbfotsFzs9s2mWus55KmHEgaQW9gYdJKCng48JqGRTHDxG8DksM7"},{"hash":"oo4TnsvKNUz6ikFHmUWgKye1gXzHGGC1w8nWwLryMaXKcgN7KPm","branch":"BM7hDu2iguYqx2bKtXHWBF378KNTxBnfCh1B7LJ4BhdpCwg4q2s","contents":[{"kind":"endorsement","level":656520}],"signature":"sigXSiQTzU8YbBpRwjh6k9B7mLVeErWZfE7Zj1A3NpsC7BaTYUSTUbXM7SGVKtKY5Ny59mAsJWdsAeQvDnVNxU2UXdo6bEgF"},{"hash":"ooox2SnreRZ6bQDoExvLXy1uTatqxjoaTZEHB7ptPP9D2gcG2vT","branch":"BM7hDu2iguYqx2bKtXHWBF378KNTxBnfCh1B7LJ4BhdpCwg4q2s","contents":[{"kind":"endorsement","level":656520}],"signature":"sigo7EQG8GgoqtuDhb6JDa3kqSskpdTw2bW18M59QXJPmdNi5TfecJ1MmpXbUyboZk8Zapx1hHW27QtaDbWEnvFycv19ZPKw"},{"hash":"ooG1yDxcathdNyjVypKzcjwJhfRQRcvfyGwyYo8dNpXoVdVjFpm","branch":"BM7hDu2iguYqx2bKtXHWBF378KNTxBnfCh1B7LJ4BhdpCwg4q2s","contents":[{"kind":"transaction","source":"tz1ZWiiPXowuhN1UqNGVTrgNyf5tdxp4XUUq","fee":"50000","counter":"15565","gas_limit":"11200","storage_limit":"6000","amount":"1000000","destination":"tz1ZWiiPXowuhN1UqNGVTrgNyf5tdxp4XUUq"}],"signature":"sigqj8urmhMyWJsi1iRpUq1veV5dGCW411TspfecYUFPL2Y68oTAeNAw8cyUcsW9ybyzHsVE4jTjsnbwS3AtU7X3dDTBX7p5"}],"refused":[["onk51zJyE13VpWSi5qgpnVZ7vd6fw2zxfzuUnC139G5JCQ2wN8q",{"protocol":"Pt24m4xiPbLDhVgVfABUjirbmda3yohdN82Sp9FeuAXJ4eV9otd","branch":"BL17SLqBJjA4XsNvVMraLbFCQMegTsJS2Cfa9BerD7vUuPv9Lvi","contents":[{"kind":"activate_account","pkh":"tz1aQ2X7XXsKCjY1RqiwbPfc1TWiwh5BffwS","secret":"865cea3ba05e7dced3a4a16bebdd3b6a51ce63ab"}],"signature":"siggcGnq8RQGNC2P7W4as1iMszB8KYSskTm75hGveb7vQH4AMxmmRQdFwYgM9Pr58ZgPvAZgopmcEPJc7JCCiyLwgcpbgyJ9","error":[{"kind":"permanent","id":"proto.004-Pt24m4xi.operation.invalid_activation","pkh":"tz1aQ2X7XXsKCjY1RqiwbPfc1TWiwh5BffwS"}]}]],"branch_refused":[],"branch_delayed":[],"unprocessed":[]}

'
    http_version: 
  recorded_at: Fri, 13 Sep 2019 09:23:58 GMT
- request:
    method: post
    uri: http://alphanet-node.tzscan.io/chains/main/mempool/filter
    body:
      encoding: UTF-8
      string: '{"source":"tz1ZWiiPXowuhN1UqNGVTrgNyf5tdxp4XUUq"}'
    headers:
      Content-Type:
      - application/json
  response:
    status:
      code: 200
      message: OK
    headers:
      Server:
      - nginx
      Date:
      - Fri, 13 Sep 2019 09:23:59 GMT
      Content-Type:
      - application/json
      Content-Length:
      - '3'
      Connection:
      - keep-alive
    body:
      encoding: UTF-8
      string: "{}\n"
    http_version: 
  recorded_at: Fri, 13 Sep 2019 09:23:59 GMT
recorded_with: VCR 4.0.0
