---
http_interactions:
- request:
    method: get
    uri: http://alphanet-node.tzscan.io//chains/main/blocks/head/hash
    body:
      encoding: US-ASCII
      string: ''
    headers:
      Content-Type:
      - application/json
  response:
    status:
      code: 200
      message: OK
    headers:
      Server:
      - nginx
      Date:
      - Mon, 07 Jan 2019 16:33:37 GMT
      Content-Type:
      - application/json
      Content-Length:
      - '54'
      Connection:
      - keep-alive
    body:
      encoding: UTF-8
      string: '"BLJsYFqAiPJ3gaHL7zKS4J2YmG9juLZAR9cyKbq8APWrdmYVDo8"

'
    http_version: 
  recorded_at: Mon, 07 Jan 2019 16:33:37 GMT
- request:
    method: get
    uri: http://alphanet-node.tzscan.io//chains/main/blocks/head/context/contracts/tz1ZWiiPXowuhN1UqNGVTrgNyf5tdxp4XUUq/counter
    body:
      encoding: US-ASCII
      string: ''
    headers:
      Content-Type:
      - application/json
  response:
    status:
      code: 200
      message: OK
    headers:
      Server:
      - nginx
      Date:
      - Mon, 07 Jan 2019 16:33:37 GMT
      Content-Type:
      - application/json
      Content-Length:
      - '8'
      Connection:
      - keep-alive
    body:
      encoding: UTF-8
      string: '"13680"

'
    http_version: 
  recorded_at: Mon, 07 Jan 2019 16:33:37 GMT
- request:
    method: post
    uri: http://alphanet-node.tzscan.io/chains/main/blocks/head/helpers/forge/operations
    body:
      encoding: UTF-8
      string: '{"branch":"BLJsYFqAiPJ3gaHL7zKS4J2YmG9juLZAR9cyKbq8APWrdmYVDo8","contents":[{"kind":"transaction","amount":"1000000","source":"tz1ZWiiPXowuhN1UqNGVTrgNyf5tdxp4XUUq","destination":"tz1ZWiiPXowuhN1UqNGVTrgNyf5tdxp4XUUq","gas_limit":"50000","storage_limit":"6000","counter":"13681","fee":"50000"}]}'
    headers:
      Content-Type:
      - application/json
  response:
    status:
      code: 200
      message: OK
    headers:
      Server:
      - nginx
      Date:
      - Mon, 07 Jan 2019 16:33:37 GMT
      Content-Type:
      - application/json
      Content-Length:
      - '185'
      Connection:
      - keep-alive
    body:
      encoding: UTF-8
      string: '"4e8a4acfb4b9ebad1241f68583cde026bdfeef588a8965cb2a4af564328c8bad080000982fd7853b46e70022bc56f12b427855a2adb67ed08603f16ad08603f02ec0843d0000982fd7853b46e70022bc56f12b427855a2adb67e00"

'
    http_version: 
  recorded_at: Mon, 07 Jan 2019 16:33:37 GMT
recorded_with: VCR 4.0.0
