---
http_interactions:
- request:
    method: get
    uri: http://alphanet-node.tzscan.io//chains/main/blocks/head/hash
    body:
      encoding: US-ASCII
      string: ''
    headers:
      Accept-Encoding:
      - gzip;q=1.0,deflate;q=0.6,identity;q=0.3
      Accept:
      - "*/*"
      User-Agent:
      - Ruby
  response:
    status:
      code: 200
      message: OK
    headers:
      Server:
      - nginx/1.10.3
      Date:
      - Mon, 10 Sep 2018 10:47:18 GMT
      Content-Type:
      - application/json
      Content-Length:
      - '54'
      Connection:
      - keep-alive
    body:
      encoding: UTF-8
      string: '"BLYayY2zB6gFVUow2sCZ5WuD25YDoYxQNm9isfPKHqpGW6EAeFL"

'
    http_version: 
  recorded_at: Mon, 10 Sep 2018 10:47:18 GMT
- request:
    method: get
    uri: http://alphanet-node.tzscan.io//chains/main/blocks/head/context/contracts/tz1ZWiiPXowuhN1UqNGVTrgNyf5tdxp4XUUq/counter
    body:
      encoding: US-ASCII
      string: ''
    headers:
      Accept-Encoding:
      - gzip;q=1.0,deflate;q=0.6,identity;q=0.3
      Accept:
      - "*/*"
      User-Agent:
      - Ruby
  response:
    status:
      code: 200
      message: OK
    headers:
      Server:
      - nginx/1.10.3
      Date:
      - Mon, 10 Sep 2018 10:47:18 GMT
      Content-Type:
      - application/json
      Content-Length:
      - '6'
      Connection:
      - keep-alive
    body:
      encoding: UTF-8
      string: '"267"

'
    http_version: 
  recorded_at: Mon, 10 Sep 2018 10:47:18 GMT
- request:
    method: post
    uri: http://alphanet-node.tzscan.io/chains/main/blocks/head/helpers/scripts/run_operation
    body:
      encoding: UTF-8
      string: '{"branch":"BLYayY2zB6gFVUow2sCZ5WuD25YDoYxQNm9isfPKHqpGW6EAeFL","contents":[{"kind":"origination","delegatable":false,"spendable":true,"balance":"0","source":"tz1ZWiiPXowuhN1UqNGVTrgNyf5tdxp4XUUq","gas_limit":"100000","storage_limit":"6000","counter":"268","fee":"50000","managerPubkey":"tz1ZWiiPXowuhN1UqNGVTrgNyf5tdxp4XUUq"}],"signature":"edsigu165B7VFf3Dpw2QABVzEtCxJY2gsNBNcE3Ti7rRxtDUjqTFRpg67EdAQmY6YWPE5tKJDMnSTJDFu65gic8uLjbW2YwGvAZ"}'
    headers:
      Content-Type:
      - application/json
  response:
    status:
      code: 200
      message: OK
    headers:
      Server:
      - nginx/1.10.3
      Date:
      - Mon, 10 Sep 2018 10:47:18 GMT
      Content-Type:
      - application/json
      Content-Length:
      - '812'
      Connection:
      - keep-alive
    body:
      encoding: UTF-8
      string: '{"contents":[{"kind":"origination","source":"tz1ZWiiPXowuhN1UqNGVTrgNyf5tdxp4XUUq","fee":"50000","counter":"268","gas_limit":"100000","storage_limit":"6000","managerPubkey":"tz1ZWiiPXowuhN1UqNGVTrgNyf5tdxp4XUUq","balance":"0","delegatable":false,"metadata":{"balance_updates":[{"kind":"contract","contract":"tz1ZWiiPXowuhN1UqNGVTrgNyf5tdxp4XUUq","change":"-50000"},{"kind":"freezer","category":"fees","delegate":"tz1Ke2h7sDdakHJQh8WX4Z372du1KChsksyU","level":47,"change":"50000"}],"operation_result":{"status":"applied","balance_updates":[{"kind":"contract","contract":"tz1ZWiiPXowuhN1UqNGVTrgNyf5tdxp4XUUq","change":"-257000"}],"originated_contracts":["KT1PnoiCRswwX2QiWBRVNzHnJBCaKWfntuKS"]}}}],"signature":"edsigu165B7VFf3Dpw2QABVzEtCxJY2gsNBNcE3Ti7rRxtDUjqTFRpg67EdAQmY6YWPE5tKJDMnSTJDFu65gic8uLjbW2YwGvAZ"}

'
    http_version: 
  recorded_at: Mon, 10 Sep 2018 10:47:18 GMT
- request:
    method: post
    uri: http://alphanet-node.tzscan.io/chains/main/blocks/head/helpers/forge/operations
    body:
      encoding: UTF-8
      string: '{"branch":"BLYayY2zB6gFVUow2sCZ5WuD25YDoYxQNm9isfPKHqpGW6EAeFL","contents":[{"kind":"origination","delegatable":false,"spendable":true,"balance":"0","source":"tz1ZWiiPXowuhN1UqNGVTrgNyf5tdxp4XUUq","gas_limit":"10000","storage_limit":"0","counter":"268","fee":"50000","managerPubkey":"tz1ZWiiPXowuhN1UqNGVTrgNyf5tdxp4XUUq"}]}'
    headers:
      Content-Type:
      - application/json
  response:
    status:
      code: 200
      message: OK
    headers:
      Server:
      - nginx/1.10.3
      Date:
      - Mon, 10 Sep 2018 10:47:18 GMT
      Content-Type:
      - application/json
      Content-Length:
      - '181'
      Connection:
      - keep-alive
    body:
      encoding: UTF-8
      string: '"6dae3221c5006a0ab261552b7aafbfc33e0527a1053f2ce086d1e319e0a40502090000982fd7853b46e70022bc56f12b427855a2adb67ed086038c02904e0000982fd7853b46e70022bc56f12b427855a2adb67e00ff000000"

'
    http_version: 
  recorded_at: Mon, 10 Sep 2018 10:47:18 GMT
- request:
    method: get
    uri: http://alphanet-node.tzscan.io//protocols
    body:
      encoding: US-ASCII
      string: ''
    headers:
      Accept-Encoding:
      - gzip;q=1.0,deflate;q=0.6,identity;q=0.3
      Accept:
      - "*/*"
      User-Agent:
      - Ruby
  response:
    status:
      code: 200
      message: OK
    headers:
      Server:
      - nginx/1.10.3
      Date:
      - Mon, 10 Sep 2018 10:47:18 GMT
      Content-Type:
      - application/json
      Content-Length:
      - '110'
      Connection:
      - keep-alive
    body:
      encoding: UTF-8
      string: '["PsYLVpVvgbLhAhoqAkMFUo6gudkJ9weNXhUYCiLDzcUpFpkk8Wt","Ps6mwMrF2ER2s51cp9yYpjDcuzQjsc2yAz8bQsRgdaRxw4Fk95H"]

'
    http_version: 
  recorded_at: Mon, 10 Sep 2018 10:47:18 GMT
- request:
    method: post
    uri: http://alphanet-node.tzscan.io/chains/main/blocks/head/helpers/preapply/operations
    body:
      encoding: UTF-8
      string: '[{"protocol":"PsYLVpVvgbLhAhoqAkMFUo6gudkJ9weNXhUYCiLDzcUpFpkk8Wt","branch":"BLYayY2zB6gFVUow2sCZ5WuD25YDoYxQNm9isfPKHqpGW6EAeFL","contents":[{"kind":"origination","delegatable":false,"spendable":true,"balance":"0","source":"tz1ZWiiPXowuhN1UqNGVTrgNyf5tdxp4XUUq","gas_limit":"10000","storage_limit":"0","counter":"268","fee":"50000","managerPubkey":"tz1ZWiiPXowuhN1UqNGVTrgNyf5tdxp4XUUq"}],"signature":"edsigtmifZYWzG87xvBc1wkpVhF8sioMHEhaNGrHywQ7XpG78H5UXsQaQMZsyNhcbuJqZc4m7NghNDiA97FVaNmBuwosHB7PQSe"}]'
    headers:
      Content-Type:
      - application/json
  response:
    status:
      code: 200
      message: OK
    headers:
      Server:
      - nginx/1.10.3
      Date:
      - Mon, 10 Sep 2018 10:47:18 GMT
      Content-Type:
      - application/json
      Content-Length:
      - '810'
      Connection:
      - keep-alive
    body:
      encoding: UTF-8
      string: '[{"contents":[{"kind":"origination","source":"tz1ZWiiPXowuhN1UqNGVTrgNyf5tdxp4XUUq","fee":"50000","counter":"268","gas_limit":"10000","storage_limit":"0","managerPubkey":"tz1ZWiiPXowuhN1UqNGVTrgNyf5tdxp4XUUq","balance":"0","delegatable":false,"metadata":{"balance_updates":[{"kind":"contract","contract":"tz1ZWiiPXowuhN1UqNGVTrgNyf5tdxp4XUUq","change":"-50000"},{"kind":"freezer","category":"fees","delegate":"tz1Ke2h7sDdakHJQh8WX4Z372du1KChsksyU","level":47,"change":"50000"}],"operation_result":{"status":"applied","balance_updates":[{"kind":"contract","contract":"tz1ZWiiPXowuhN1UqNGVTrgNyf5tdxp4XUUq","change":"-257000"}],"originated_contracts":["KT1K15cQZP5nnW9ezQj3DwzQ9oJBSEfBqTa4"]}}}],"signature":"edsigtmifZYWzG87xvBc1wkpVhF8sioMHEhaNGrHywQ7XpG78H5UXsQaQMZsyNhcbuJqZc4m7NghNDiA97FVaNmBuwosHB7PQSe"}]

'
    http_version: 
  recorded_at: Mon, 10 Sep 2018 10:47:18 GMT
- request:
    method: post
    uri: http://alphanet-node.tzscan.io/injection/operation?chain=main
    body:
      encoding: UTF-8
      string: '"6dae3221c5006a0ab261552b7aafbfc33e0527a1053f2ce086d1e319e0a40502090000982fd7853b46e70022bc56f12b427855a2adb67ed086038c02904e0000982fd7853b46e70022bc56f12b427855a2adb67e00ff0000006a56b1ef9cadcdf7a214e9dca1f99401325db8340cdba758a33393278572b8a1795b52997d8ebb22f43bb2f6fb55693b7bee27f1f5e7aeef20bc7123923cf306"'
    headers:
      Content-Type:
      - application/json
  response:
    status:
      code: 200
      message: OK
    headers:
      Server:
      - nginx/1.10.3
      Date:
      - Mon, 10 Sep 2018 10:47:18 GMT
      Content-Type:
      - application/json
      Content-Length:
      - '54'
      Connection:
      - keep-alive
    body:
      encoding: UTF-8
      string: '"oomYxfibFvbcBTuNtmjsyTqsiosw9oJ5Jz2kRWQaWSbRpap3ZCo"

'
    http_version: 
  recorded_at: Mon, 10 Sep 2018 10:47:18 GMT
recorded_with: VCR 4.0.0
