---
http_interactions:
- request:
    method: get
    uri: http://alphanet-node.tzscan.io//chains/main/blocks/head/context/contracts/tz1ZWiiPXowuhN1UqNGVTrgNyf5tdxp4XUUq/counter
    body:
      encoding: US-ASCII
      string: ''
    headers:
      Content-Type:
      - application/json
  response:
    status:
      code: 200
      message: OK
    headers:
      Server:
      - nginx
      Date:
      - Tue, 08 Jan 2019 17:23:03 GMT
      Content-Type:
      - application/json
      Content-Length:
      - '8'
      Connection:
      - keep-alive
    body:
      encoding: UTF-8
      string: '"13848"

'
    http_version: 
  recorded_at: Tue, 08 Jan 2019 17:23:03 GMT
- request:
    method: get
    uri: http://alphanet-node.tzscan.io//chains/main/blocks/head/hash
    body:
      encoding: US-ASCII
      string: ''
    headers:
      Content-Type:
      - application/json
  response:
    status:
      code: 200
      message: OK
    headers:
      Server:
      - nginx
      Date:
      - Tue, 08 Jan 2019 17:23:03 GMT
      Content-Type:
      - application/json
      Content-Length:
      - '54'
      Connection:
      - keep-alive
    body:
      encoding: UTF-8
      string: '"BMKuZbFyDYB3zmceFv6wEKZY6TreNBUPvmWf4G3Cgc5ppZ8Hjx8"

'
    http_version: 
  recorded_at: Tue, 08 Jan 2019 17:23:03 GMT
- request:
    method: post
    uri: http://alphanet-node.tzscan.io/chains/main/blocks/head/helpers/scripts/run_operation
    body:
      encoding: UTF-8
      string: '{"branch":"BMKuZbFyDYB3zmceFv6wEKZY6TreNBUPvmWf4G3Cgc5ppZ8Hjx8","contents":[{"kind":"origination","delegatable":false,"spendable":false,"balance":"50000","source":"tz1ZWiiPXowuhN1UqNGVTrgNyf5tdxp4XUUq","gas_limit":"50000","storage_limit":"6000","counter":"13849","fee":"50000","managerPubkey":"tz1ZWiiPXowuhN1UqNGVTrgNyf5tdxp4XUUq","script":{"code":[{"prim":"parameter","args":[{"prim":"string"}]},{"prim":"storage","args":[{"prim":"map","args":[{"prim":"string"},{"prim":"int"}]}]},{"prim":"code","args":[[{"prim":"DUP"},{"prim":"DIP","args":[[{"prim":"CDR","annots":["@votes_slash_1"]}]]},{"prim":"CAR","annots":["@choice_slash_2"]},{"prim":"PUSH","args":[{"prim":"mutez"},{"int":"5000000"}]},{"prim":"AMOUNT","annots":["@amount"]},{"prim":"COMPARE"},{"prim":"LT"},{"prim":"IF","args":[[{"prim":"PUSH","args":[{"prim":"string"},{"string":"Not
        enough money, at least 5tz to vote"}]},{"prim":"FAILWITH"}],[[{"prim":"DIP","args":[[{"prim":"DUP","annots":["@votes"]}]]},{"prim":"SWAP"}],[{"prim":"DIP","args":[[{"prim":"DUP","annots":["@choice"]}]]},{"prim":"SWAP"}],{"prim":"GET"},{"prim":"IF_NONE","args":[[{"prim":"PUSH","args":[{"prim":"string"},{"string":"Bad
        vote"}]},{"prim":"FAILWITH"}],[[{"prim":"DIP","args":[[[{"prim":"DIP","args":[[{"prim":"DUP","annots":["@votes"]}]]},{"prim":"SWAP"}]]]},{"prim":"SWAP"}],{"prim":"PUSH","args":[{"prim":"int"},{"int":"1"}]},[{"prim":"DIP","args":[[[{"prim":"DIP","args":[[{"prim":"DUP","annots":["@x"]}]]},{"prim":"SWAP"}]]]},{"prim":"SWAP"}],{"prim":"ADD"},[{"prim":"DIP","args":[[[{"prim":"DIP","args":[[[{"prim":"DIP","args":[[{"prim":"DUP","annots":["@choice"]}]]},{"prim":"SWAP"}]]]},{"prim":"SWAP"}]]]},{"prim":"SWAP"}],{"prim":"DIP","args":[[{"prim":"SOME"}]]},{"prim":"DIP","args":[[{"prim":"DIP","args":[[{"prim":"DIP","args":[[{"prim":"DROP"}]]}]]}]]},{"prim":"UPDATE","annots":["@votes"]},{"prim":"NIL","args":[{"prim":"operation"}]},{"prim":"PAIR"}]]}]]},{"prim":"DIP","args":[[{"prim":"DROP"},{"prim":"DROP"}]]}]]}],"storage":[{"prim":"Elt","args":[{"string":"ocaml"},{"int":"0"}]},{"prim":"Elt","args":[{"string":"pro"},{"int":"0"}]},{"prim":"Elt","args":[{"string":"test"},{"int":"0"}]}]}}],"signature":"edsigu165B7VFf3Dpw2QABVzEtCxJY2gsNBNcE3Ti7rRxtDUjqTFRpg67EdAQmY6YWPE5tKJDMnSTJDFu65gic8uLjbW2YwGvAZ"}'
    headers:
      Content-Type:
      - application/json
  response:
    status:
      code: 200
      message: OK
    headers:
      Server:
      - nginx
      Date:
      - Tue, 08 Jan 2019 17:23:03 GMT
      Content-Type:
      - application/json
      Content-Length:
      - '2991'
      Connection:
      - keep-alive
    body:
      encoding: UTF-8
      string: '{"contents":[{"kind":"origination","source":"tz1ZWiiPXowuhN1UqNGVTrgNyf5tdxp4XUUq","fee":"50000","counter":"13849","gas_limit":"50000","storage_limit":"6000","managerPubkey":"tz1ZWiiPXowuhN1UqNGVTrgNyf5tdxp4XUUq","balance":"50000","spendable":false,"delegatable":false,"script":{"code":[{"prim":"parameter","args":[{"prim":"string"}]},{"prim":"storage","args":[{"prim":"map","args":[{"prim":"string"},{"prim":"int"}]}]},{"prim":"code","args":[[{"prim":"DUP"},{"prim":"DIP","args":[[{"prim":"CDR","annots":["@votes_slash_1"]}]]},{"prim":"CAR","annots":["@choice_slash_2"]},{"prim":"PUSH","args":[{"prim":"mutez"},{"int":"5000000"}]},{"prim":"AMOUNT","annots":["@amount"]},{"prim":"COMPARE"},{"prim":"LT"},{"prim":"IF","args":[[{"prim":"PUSH","args":[{"prim":"string"},{"string":"Not
        enough money, at least 5tz to vote"}]},{"prim":"FAILWITH"}],[[{"prim":"DIP","args":[[{"prim":"DUP","annots":["@votes"]}]]},{"prim":"SWAP"}],[{"prim":"DIP","args":[[{"prim":"DUP","annots":["@choice"]}]]},{"prim":"SWAP"}],{"prim":"GET"},{"prim":"IF_NONE","args":[[{"prim":"PUSH","args":[{"prim":"string"},{"string":"Bad
        vote"}]},{"prim":"FAILWITH"}],[[{"prim":"DIP","args":[[[{"prim":"DIP","args":[[{"prim":"DUP","annots":["@votes"]}]]},{"prim":"SWAP"}]]]},{"prim":"SWAP"}],{"prim":"PUSH","args":[{"prim":"int"},{"int":"1"}]},[{"prim":"DIP","args":[[[{"prim":"DIP","args":[[{"prim":"DUP","annots":["@x"]}]]},{"prim":"SWAP"}]]]},{"prim":"SWAP"}],{"prim":"ADD"},[{"prim":"DIP","args":[[[{"prim":"DIP","args":[[[{"prim":"DIP","args":[[{"prim":"DUP","annots":["@choice"]}]]},{"prim":"SWAP"}]]]},{"prim":"SWAP"}]]]},{"prim":"SWAP"}],{"prim":"DIP","args":[[{"prim":"SOME"}]]},{"prim":"DIP","args":[[{"prim":"DIP","args":[[{"prim":"DIP","args":[[{"prim":"DROP"}]]}]]}]]},{"prim":"UPDATE","annots":["@votes"]},{"prim":"NIL","args":[{"prim":"operation"}]},{"prim":"PAIR"}]]}]]},{"prim":"DIP","args":[[{"prim":"DROP"},{"prim":"DROP"}]]}]]}],"storage":[{"prim":"Elt","args":[{"string":"ocaml"},{"int":"0"}]},{"prim":"Elt","args":[{"string":"pro"},{"int":"0"}]},{"prim":"Elt","args":[{"string":"test"},{"int":"0"}]}]},"metadata":{"balance_updates":[{"kind":"contract","contract":"tz1ZWiiPXowuhN1UqNGVTrgNyf5tdxp4XUUq","change":"-50000"},{"kind":"freezer","category":"fees","delegate":"tz1Ke2h7sDdakHJQh8WX4Z372du1KChsksyU","level":43,"change":"50000"}],"operation_result":{"status":"applied","balance_updates":[{"kind":"contract","contract":"tz1ZWiiPXowuhN1UqNGVTrgNyf5tdxp4XUUq","change":"-499000"},{"kind":"contract","contract":"tz1ZWiiPXowuhN1UqNGVTrgNyf5tdxp4XUUq","change":"-257000"},{"kind":"contract","contract":"tz1ZWiiPXowuhN1UqNGVTrgNyf5tdxp4XUUq","change":"-50000"},{"kind":"contract","contract":"KT1KxGcvcWG9yP479iW81vY4ymRStGi1DHsq","change":"50000"}],"originated_contracts":["KT1KxGcvcWG9yP479iW81vY4ymRStGi1DHsq"],"consumed_gas":"21949","storage_size":"499","paid_storage_size_diff":"499"}}}],"signature":"edsigu165B7VFf3Dpw2QABVzEtCxJY2gsNBNcE3Ti7rRxtDUjqTFRpg67EdAQmY6YWPE5tKJDMnSTJDFu65gic8uLjbW2YwGvAZ"}

'
    http_version: 
  recorded_at: Tue, 08 Jan 2019 17:23:03 GMT
recorded_with: VCR 4.0.0
